
> society-gate-entry@1.0.0 build
> vite build

[36mvite v5.4.21 [32mbuilding for production...[36m[39m
transforming...
node.exe : src/context
/DataContext.jsx 
(514:44): "generateMon
thlyBills" is not 
exported by "src/utils
/storageApi.js", 
imported by "src/conte
xt/DataContext.jsx".
At line:1 char:1
+ & "C:\Program Files\
nodejs/node.exe" 
"C:\Program 
Files\nodejs/node_mo 
...
+ ~~~~~~~~~~~~~~~~~~~~
~~~~~~~~~~~~~~~~~~~~~~
~~~~~~~~~~~~~~~~~~~~~~
~~~~~
    + CategoryInfo    
          : NotSpeci  
  fied: (src/contex   
 t/Dat...taContext    
.jsx".:String) []    
, RemoteException
    + FullyQualifiedE 
   rrorId : NativeCo  
  mmandError
 
[32mÔ£ô[39m 1515 modules transformed.
[31mx[39m Build 
failed in 4.49s
[31merror during 
build:
[31msrc/App.jsx 
(13:7): "default" is 
not exported by "src/p
ages/dashboards/AdminD
ashboard.jsx", 
imported by 
"src/App.jsx".[31m
file: [36mC:/Users/ad
min/OneDrive/Documents
/GitHub/smartgateentry
/src/App.jsx:13:7[31m
[33m
11: // Dashboards
12: import 
SuperadminDashboard 
from './pages/dashboar
ds/SuperadminDashboard
';
13: import 
AdminDashboard from '.
/pages/dashboards/Admi
nDashboard';
           ^
14: import 
ResidentDashboard 
from './pages/dashboar
ds/ResidentDashboard';
15: import 
SecurityDashboard 
from './pages/dashboar
ds/SecurityDashboard';
[31m
    at getRollupError 
(file:///C:/Users/admi
n/OneDrive/Documents/G
itHub/smartgateentry/n
ode_modules/rollup/dis
t/es/shared/parseAst.j
s:401:41)
    at error (file:///
C:/Users/admin/OneDriv
e/Documents/GitHub/sma
rtgateentry/node_modul
es/rollup/dist/es/shar
ed/parseAst.js:397:42)
    at Module.error (f
ile:///C:/Users/admin/
OneDrive/Documents/Git
Hub/smartgateentry/nod
e_modules/rollup/dist/
es/shared/node-entry.j
s:17022:16)
    at 
Module.traceVariable (
file:///C:/Users/admin
/OneDrive/Documents/Gi
tHub/smartgateentry/no
de_modules/rollup/dist
/es/shared/node-entry.
js:17478:29)
    at ModuleScope.fin
dVariable (file:///C:/
Users/admin/OneDrive/D
ocuments/GitHub/smartg
ateentry/node_modules/
rollup/dist/es/shared/
node-entry.js:15141:39
)
    at FunctionScope.f
indVariable (file:///C
:/Users/admin/OneDrive
/Documents/GitHub/smar
tgateentry/node_module
s/rollup/dist/es/share
d/node-entry.js:5688:3
8)
    at FunctionBodySco
pe.findVariable (file:
///C:/Users/admin/OneD
rive/Documents/GitHub/
smartgateentry/node_mo
dules/rollup/dist/es/s
hared/node-entry.js:56
88:38)
    at 
Identifier.bind (file:
///C:/Users/admin/OneD
rive/Documents/GitHub/
smartgateentry/node_mo
dules/rollup/dist/es/s
hared/node-entry.js:54
62:40)
    at 
CallExpression.bind (f
ile:///C:/Users/admin/
OneDrive/Documents/Git
Hub/smartgateentry/nod
e_modules/rollup/dist/
es/shared/node-entry.j
s:2825:28)
    at 
CallExpression.bind (f
ile:///C:/Users/admin/
OneDrive/Documents/Git
Hub/smartgateentry/nod
e_modules/rollup/dist/
es/shared/node-entry.j
s:12172:15)[39m
